#-----------------------------------------------------------
# Vivado v2019.1 (64-bit)
# SW Build 2552052 on Fri May 24 14:49:42 MDT 2019
# IP Build 2548770 on Fri May 24 18:01:18 MDT 2019
# Start of session at: Tue Sep  6 02:50:34 2022
# Process ID: 9876
# Current directory: C:/Users/carlo/Andrey/TEC/Semestre_II_2022/Taller_Digitales/Laboratorios/Laboratorio_2/Repositorio/lab02-g03/Ejercicios/Proyectos/Ejercicio7/Ej7_tecl
# Command line: vivado.exe -gui_launcher_event rodinguilauncherevent18112 C:\Users\carlo\Andrey\TEC\Semestre_II_2022\Taller_Digitales\Laboratorios\Laboratorio_2\Repositorio\lab02-g03\Ejercicios\Proyectos\Ejercicio7\Ej7_tecl\vivado_project.xpr
# Log file: C:/Users/carlo/Andrey/TEC/Semestre_II_2022/Taller_Digitales/Laboratorios/Laboratorio_2/Repositorio/lab02-g03/Ejercicios/Proyectos/Ejercicio7/Ej7_tecl/vivado.log
# Journal file: C:/Users/carlo/Andrey/TEC/Semestre_II_2022/Taller_Digitales/Laboratorios/Laboratorio_2/Repositorio/lab02-g03/Ejercicios/Proyectos/Ejercicio7/Ej7_tecl\vivado.jou
#-----------------------------------------------------------
start_gui
open_project C:/Users/carlo/Andrey/TEC/Semestre_II_2022/Taller_Digitales/Laboratorios/Laboratorio_2/Repositorio/lab02-g03/Ejercicios/Proyectos/Ejercicio7/Ej7_tecl/vivado_project.xpr
update_compile_order -fileset sources_1
launch_runs impl_1 -jobs 4
wait_on_run impl_1
launch_runs impl_1 -to_step write_bitstream -jobs 4
wait_on_run impl_1
reorder_files -fileset constrs_1 -after C:/Users/carlo/Andrey/TEC/Semestre_II_2022/Taller_Digitales/Laboratorios/Laboratorio_2/Repositorio/lab02-g03/Ejercicios/Constraints/contraints_calculadora__con_teclado.xdc C:/Users/carlo/Andrey/TEC/Semestre_II_2022/Taller_Digitales/Laboratorios/Laboratorio_2/Repositorio/lab02-g03/Ejercicios/Constraints/contraints_calculadora__con_teclado.xdc
reset_run synth_1
launch_runs impl_1 -to_step write_bitstream -jobs 4
wait_on_run impl_1
save_project_as Ejercicio7_teclado C:/Users/carlo/Andrey/TEC/Semestre_II_2022/Taller_Digitales/Laboratorios/Laboratorio_2 -force
close_project
open_project C:/Users/carlo/Andrey/TEC/Semestre_II_2022/Taller_Digitales/Laboratorios/Laboratorio_2/Repositorio/lab02-g03/Ejercicios/Proyectos/Ejercicio7/Ej7_tecl/vivado_project.xpr
update_compile_order -fileset sources_1
save_project_as Ejercicio7 C:/Users/carlo/Andrey/TEC/Semestre_II_2022/Taller_Digitales/Laboratorios/Laboratorio_2/Ejercicio7 -force
reset_run synth_1
launch_runs impl_1 -to_step write_bitstream -jobs 4
wait_on_run impl_1
reset_run synth_1
launch_runs impl_1 -to_step write_bitstream -jobs 4
wait_on_run impl_1
close_project
open_project C:/Users/carlo/Andrey/TEC/Semestre_II_2022/Taller_Digitales/Laboratorios/Laboratorio_2/Repositorio/lab02-g03/Ejercicios/Proyectos/Ejercicio7/Ej7_tecl/vivado_project.xpr
update_compile_order -fileset sources_1
close_project
open_project C:/Users/carlo/Andrey/TEC/Semestre_II_2022/Taller_Digitales/Laboratorios/Laboratorio_2/Repositorio/lab02-g03/Ejercicios/Proyectos/Ejercicio7/Ej7/vivado_project.xpr
update_compile_order -fileset sources_1
reset_run synth_1
launch_runs synth_1 -jobs 4
wait_on_run synth_1
