#-----------------------------------------------------------
# Vivado v2019.1 (64-bit)
# SW Build 2552052 on Fri May 24 14:49:42 MDT 2019
# IP Build 2548770 on Fri May 24 18:01:18 MDT 2019
# Start of session at: Mon Sep  5 18:12:48 2022
# Process ID: 23076
# Current directory: D:/Documentos/GitHub/lab02-g03/Ejercicios/Proyectos/Ejercicio4
# Command line: vivado.exe -gui_launcher_event rodinguilauncherevent6096 D:\Documentos\GitHub\lab02-g03\Ejercicios\Proyectos\Ejercicio4\vivido_project.xpr
# Log file: D:/Documentos/GitHub/lab02-g03/Ejercicios/Proyectos/Ejercicio4/vivado.log
# Journal file: D:/Documentos/GitHub/lab02-g03/Ejercicios/Proyectos/Ejercicio4\vivado.jou
#-----------------------------------------------------------
start_gui
open_project D:/Documentos/GitHub/lab02-g03/Ejercicios/Proyectos/Ejercicio4/vivido_project.xpr
update_compile_order -fileset sources_1
launch_simulation
source tb_7seg_v2.tcl
current_wave_config {Untitled 1}
add_wave {{/tb_7seg_v2/top_7seg_v2/seg7_control/display_i}} 
relaunch_sim
